node : C:\Users\prash\student-attendance-system\ba
ckend\node_modules\@prisma\client\runtime\client.j
s:70
At line:1 char:13
+ cd backend; node seed.js > error_log.txt 2>&1
+             ~~~~~~~~~~~~~~~~~~~~~~~~~~~~~~~~~
    + CategoryInfo          : NotSpecified: (C:\U 
   sers\prash\...me\client.js:70:String) [], Rem  
  oteException
    + FullyQualifiedErrorId : NativeCommandError
 
${n}`}var Ul=require("@prisma/client-runtime-utils
");function Bl(e){return 
e.length===0?Promise.resolve([]):new 
Promise((t,r)=>{let n=new Array(e.length),i=null,o
=!1,s=0,a=()=>{o||(s++,s===e.length&&(o=!0,i?r(i):
t(n)))},l=u=>{o||(o=!0,r(u))};for(let u=0;u<e.leng
th;u++)e[u].then(c=>{n[u]=c,a()},c=>{if(!(0,Ul.has
BatchIndex)(c)){l(c);return}c.batchRequestIdx===u?
l(c):(i||(i=c),a())})})}var 
Bt=F("prisma:client");typeof globalThis=="object"&
&(globalThis.NODE_CLIENT=!0);var Im={requestArgsTo
MiddlewareArgs:e=>e,middlewareArgsToRequestArgs:e=
>e},Om=Symbol.for("prisma.client.transaction.id"),
Nm={id:0,nextId(){return++this.id}};function 
zl(e){class t{_originalClient=this;_runtimeDataMod
el;_requestHandler;_connectionPromise;_disconnecti
onPromise;_engineConfig;_accelerateEngineConfig;_c
lientVersion;_errorFormat;_tracingHelper;_previewF
eatures;_activeProvider;_globalOmit;_extensions;_e
ngine;_appliedParent;_createPrismaPromise=di();con
structor(n){if(!n)throw new 
w.PrismaClientInitializationError("`PrismaClient` 
needs to be constructed with a non-empty, valid 
`PrismaClientOptions`:\n\n```\nnew 
PrismaClient({\n  
...\n})\n```\n\nor\n\n```\nconstructor() {\n  
super({ ... });\n}\n```\n          ",hi);e=n.__int
ernal?.configOverride?.(e)??e,jl(n,e);let i=new Gl
.EventEmitter().on("error",()=>{});this._extension
s=Be.empty(),this._previewFeatures=e.previewFeatur
es,this._clientVersion=e.clientVersion??hi,this._a
ctiveProvider=e.activeProvider,this._globalOmit=n?
.omit,this._tracingHelper=kl();let 
o;if(n.adapter){o=n.adapter;let s=e.activeProvider
==="postgresql"||e.activeProvider==="cockroachdb"?
"postgres":e.activeProvider;if(o.provider!==s)thro
w new w.PrismaClientInitializationError(`The 
Driver Adapter \`${o.adapterName}\`, based on 
\`${o.provider}\`, is not compatible with the 
provider \`${s}\` specified in the Prisma 
schema.`,this._clientVersion)}try{let s=n??{},l=(s
.__internal??{}).debug===!0;if(l&&F.enable("prisma
:client"),s.errorFormat?this._errorFormat=s.errorF
ormat:process.env.NODE_ENV==="production"?this._er
rorFormat="minimal":process.env.NO_COLOR?this._err
orFormat="colorless":this._errorFormat="colorless"
,this._runtimeDataModel=e.runtimeDataModel,this._e
ngineConfig={enableDebugLogs:l,logLevel:s.log&&Ol(
s.log),logQueries:s.log&&!!(typeof s.log=="string"
?s.log==="query":s.log.find(u=>typeof u=="string"?
u==="query":u.level==="query")),compilerWasm:e.com
pilerWasm,clientVersion:e.clientVersion,previewFea
tures:this._previewFeatures,activeProvider:e.activ
eProvider,inlineSchema:e.inlineSchema,tracingHelpe
r:this._tracingHelper,transactionOptions:{maxWait:
s.transactionOptions?.maxWait??2e3,timeout:s.trans
actionOptions?.timeout??5e3,isolationLevel:s.trans
actionOptions?.isolationLevel},logEmitter:i,adapte
r:o,accelerateUrl:s.accelerateUrl,sqlCommenters:s.
comments,parameterizationSchema:e.parameterization
Schema,runtimeDataModel:e.runtimeDataModel},this._
accelerateEngineConfig=Object.create(this._engineC
onfig),this._accelerateEngineConfig.accelerateUtil
s={resolveDatasourceUrl:()=>{if(s.accelerateUrl)re
turn s.accelerateUrl;throw new w.PrismaClientIniti
alizationError(`\`accelerateUrl\` is required 
when using \`@prisma/extension-accelerate\`:
                                                  
                                                  
                                                  
                                                  
                                                  
                                                  
                                                  
                                                  
                                                  
                                                  
                                                  
                                                  
                                                  
                                                  
                                                  
                                                  
                                                  
                                                  
                                                  
   ^

PrismaClientInitializationError: `PrismaClient` 
needs to be constructed with a non-empty, valid 
`PrismaClientOptions`:

```
new PrismaClient({
  ...
})
```

or

```
constructor() {
  super({ ... });
}
```
          
    at new t (C:\Users\prash\student-attendance-sy
stem\backend\node_modules\@prisma\client\runtime\c
lient.js:70:960)
    at Object.<anonymous> (C:\Users\prash\student-
attendance-system\backend\seed.js:2:16)
    at Module._compile 
(node:internal/modules/cjs/loader:1730:14)
    at Object..js 
(node:internal/modules/cjs/loader:1895:10)
    at Module.load 
(node:internal/modules/cjs/loader:1465:32)
    at Function._load 
(node:internal/modules/cjs/loader:1282:12)
    at TracingChannel.traceSync 
(node:diagnostics_channel:322:14)
    at wrapModuleLoad 
(node:internal/modules/cjs/loader:235:24)
    at Function.executeUserEntryPoint [as 
runMain] (node:internal/modules/run_main:170:5)
    at node:internal/main/run_main_module:36:49 {
  clientVersion: '7.4.2',
  errorCode: undefined,
  retryable: undefined
}

Node.js v22.15.0
